fn main() {
  let a = 1;
  `[let b = 2;]`
  `[let mut x = (a, b);]`
  let mut y = &mut x;
  (*y).0 = 2;
  `[x.1;]`
}